// Jest Snapshot v1, https://goo.gl/fbAQLP

exports[`Testing router  Get index page 1`] = `
<h2
  id="rules"
>
  Правила игры
</h2>
`;

exports[`Testing router  Private route with registered user 1`] = `
<button
  class="btn btn-success"
  type="button"
>
  Создать игру
</button>
`;
